// Jest Snapshot v1, https://goo.gl/fbAQLP

exports[`renders homepage unchanged 1`] = `
<div>
  <div
    class="HomePage"
    data-testid="homepage"
  >
    Welcome to Next.js!
  </div>
</div>
`;
